22:51:38 **** Incremental Build of configuration Debug for project Ex4 ****
make -j16 all 
arm-none-eabi-gcc "../Core/Src/display7SEG.c" -mcpu=cortex-m3 -std=gnu11 -g3 -DDEBUG -DUSE_HAL_DRIVER -DSTM32F103x6 -c -I../Core/Inc -I../Drivers/STM32F1xx_HAL_Driver/Inc -I../Drivers/STM32F1xx_HAL_Driver/Inc/Legacy -I../Drivers/CMSIS/Device/ST/STM32F1xx/Include -I../Drivers/CMSIS/Include -O0 -ffunction-sections -fdata-sections -Wall -fstack-usage -MMD -MP -MF"Core/Src/display7SEG.d" -MT"Core/Src/display7SEG.o" --specs=nano.specs -mfloat-abi=soft -mthumb -o "Core/Src/display7SEG.o"
arm-none-eabi-gcc "../Core/Src/main.c" -mcpu=cortex-m3 -std=gnu11 -g3 -DDEBUG -DUSE_HAL_DRIVER -DSTM32F103x6 -c -I../Core/Inc -I../Drivers/STM32F1xx_HAL_Driver/Inc -I../Drivers/STM32F1xx_HAL_Driver/Inc/Legacy -I../Drivers/CMSIS/Device/ST/STM32F1xx/Include -I../Drivers/CMSIS/Include -O0 -ffunction-sections -fdata-sections -Wall -fstack-usage -MMD -MP -MF"Core/Src/main.d" -MT"Core/Src/main.o" --specs=nano.specs -mfloat-abi=soft -mthumb -o "Core/Src/main.o"
arm-none-eabi-gcc -o "Ex4.elf" @"objects.list"   -mcpu=cortex-m3 -T"G:\STM32_Lab2\Ex4\souce_code\STM32F103C6UX_FLASH.ld" --specs=nosys.specs -Wl,-Map="Ex4.map" -Wl,--gc-sections -static --specs=nano.specs -mfloat-abi=soft -mthumb -Wl,--start-group -lc -lm -Wl,--end-group
Finished building target: Ex4.elf
 
arm-none-eabi-size   Ex4.elf 
arm-none-eabi-objdump -h -S  Ex4.elf  > "Ex4.list"
arm-none-eabi-objcopy  -O ihex  Ex4.elf  "Ex4.hex"
arm-none-eabi-objcopy  -O binary  Ex4.elf  "Ex4.bin"
   text	   data	    bss	    dec	    hex	filename
   7960	     44	   1644	   9648	   25b0	Ex4.elf
Finished building: default.size.stdout
 
Finished building: Ex4.bin
 
Finished building: Ex4.hex
 
Finished building: Ex4.list
 

22:51:39 Build Finished. 0 errors, 0 warnings. (took 716ms)

